// Jest Snapshot v1, https://goo.gl/fbAQLP

exports[`about app should render correctly 1`] = `
<div
  className="AboutApp"
  lang="en-US"
>
  <div
    className="AboutApp-header-container"
  >
    <img
      alt="Symphony Logo"
      className="AboutApp-logo"
      src={Object {}}
    />
  </div>
  <div
    className="AboutApp-main-container"
  >
    <div
      className="AboutApp-main-title"
    >
      <span>
        Desktop Application
      </span>
    </div>
    <section>
      <ul
        className="AboutApp-symphony-section"
      >
        <li
          key="0"
        >
          <strong>
            POD:
          </strong>
          <span>
            N/A
          </span>
        </li>
        <li
          key="1"
        >
          <strong>
            SBE:
          </strong>
          <span>
            N/A (N/A)
          </span>
        </li>
        <li
          key="2"
        >
          <strong>
            SDA:
          </strong>
          <span>
            N/A (N/A)
          </span>
        </li>
        <li
          key="3"
        >
          <strong>
            SFE-Lite:
          </strong>
          <span>
            N/A undefined
          </span>
        </li>
      </ul>
    </section>
    <div
      className="AboutApp-copy-container"
    >
      <button
        className="AboutApp-copy-button"
        data-testid="COPY_BUTTON"
        onClick={[Function]}
        title="Copy config to clipboard"
      >
        <img
          alt="Symphony Logo"
          src={Object {}}
        />
        <span>
          Copy config to clipboard
        </span>
      </button>
    </div>
    <div
      className="AboutApp-close-container"
    >
      <button
        className="AboutApp-close-button"
        data-testid="CLOSE_BUTTON"
        onClick={[Function]}
        title="Close"
      >
        Close
      </button>
    </div>
  </div>
  <div
    className="AboutApp-version-container"
  >
    <p
      className="AboutApp-copyright-text"
    >
      Copyright © 2023 Symphony
    </p>
  </div>
</div>
`;
