// Jest Snapshot v1, https://goo.gl/fbAQLP

exports[`download manager should render correctly 1`] = `
<div>
  <div
    className="download-bar"
    id="download-manager-footer"
  >
    <ul
      id="download-main"
    />
    <span
      className="close-download-bar tempo-icon tempo-icon--close"
      id="close-download-bar"
      onClick={[Function]}
    />
  </div>
</div>
`;
