// Jest Snapshot v1, https://goo.gl/fbAQLP

exports[`loading screen should render correctly 1`] = `
<div
  className="LoadingScreen"
>
  <img
    className="LoadingScreen-logo"
    src="../renderer/assets/symphony-logo.png"
  />
  <span
    className="LoadingScreen-name"
  >
    Symphony
  </span>
  <svg
    height="100%"
    preserveAspectRatio="xMidYMid"
    viewBox="0 0 100 200"
    width="100%"
    xmlns="http://www.w3.org/2000/svg"
  >
    <circle
      cx="50"
      cy="50"
      fill="none"
      ng-attr-stroke="{{config.color}}"
      r="35"
      stroke="#ffffff"
      strokeDasharray="164.93361431346415 56.97787143782138"
      strokeWidth="10"
      transform="rotate(59.6808 50 50)"
    >
      <animateTransform
        attributeName="transform"
        begin="0s"
        calcMode="linear"
        dur="1s"
        keyTimes="0;1"
        repeatCount="indefinite"
        type="rotate"
        values="0 50 50;360 50 50"
      />
    </circle>
  </svg>
</div>
`;
