// Jest Snapshot v1, https://goo.gl/fbAQLP

exports[`screen picker should render correctly 1`] = `
ShallowWrapper {
  Symbol(enzyme.__root__): [Circular],
  Symbol(enzyme.__unrendered__): <ScreenPicker />,
  Symbol(enzyme.__renderer__): Object {
    "batchedUpdates": [Function],
    "checkPropTypes": [Function],
    "getNode": [Function],
    "render": [Function],
    "simulateError": [Function],
    "simulateEvent": [Function],
    "unmount": [Function],
  },
  Symbol(enzyme.__node__): Object {
    "instance": null,
    "key": undefined,
    "nodeType": "host",
    "props": Object {
      "children": Array [
        <div
          className="ScreenPicker-title"
        >
          <span>
            Choose what you'd like to share
          </span>
          <div
            className="ScreenPicker-x-button"
            onClick={[Function]}
          >
            <div
              className="content-button"
            >
              <i>
                <svg
                  fill="grey"
                  viewBox="0 0 48 48"
                >
                  <path
                    d="M39.4,33.8L31,25.4c-0.4-0.4-0.9-0.9-1.4-1.4c0.5-0.5,1-1,1.4-1.4l8.4-8.4c0.8-0.8,0.8-2,0-2.8l-2.8-2.8 c-0.8-0.8-2-0.8-2.8,0L25.4,17c-0.4,0.4-0.9,0.9-1.4,1.4c-0.5-0.5-1-1-1.4-1.4l-8.4-8.4c-0.8-0.8-2-0.8-2.8,0l-2.8,2.8 c-0.8,0.8-0.8,2,0,2.8l8.4,8.4c0.4,0.4,0.9,0.9,1.4,1.4c-0.5,0.5-1,1-1.4,1.4l-8.4,8.4c-0.8,0.8-0.8,2,0,2.8l2.8,2.8 c0.8,0.8,2,0.8,2.8,0l8.4-8.4c0.4-0.4,0.9-0.9,1.4-1.4c0.5,0.5,1,1,1.4,1.4l8.4,8.4c0.8,0.8,2,0.8,2.8,0l2.8-2.8 C40.2,35.8,40.2,34.6,39.4,33.8z"
                  />
                </svg>
              </i>
            </div>
          </div>
        </div>,
        <div
          className="ScreenPicker-error-content"
        >
          <span
            className="error-message"
          >
            No screens or applications are currently available.
          </span>
        </div>,
        <footer>
          <button
            className="ScreenPicker-cancel-button"
            onClick={[Function]}
          >
            Cancel
          </button>
          <button
            className="ScreenPicker-share-button ScreenPicker-share-button-disable"
            onClick={[Function]}
          >
            Select Screen
          </button>
        </footer>,
      ],
      "className": "ScreenPicker ScreenPicker-content",
    },
    "ref": null,
    "rendered": Array [
      Object {
        "instance": null,
        "key": undefined,
        "nodeType": "host",
        "props": Object {
          "children": Array [
            <span>
              Choose what you'd like to share
            </span>,
            <div
              className="ScreenPicker-x-button"
              onClick={[Function]}
            >
              <div
                className="content-button"
              >
                <i>
                  <svg
                    fill="grey"
                    viewBox="0 0 48 48"
                  >
                    <path
                      d="M39.4,33.8L31,25.4c-0.4-0.4-0.9-0.9-1.4-1.4c0.5-0.5,1-1,1.4-1.4l8.4-8.4c0.8-0.8,0.8-2,0-2.8l-2.8-2.8 c-0.8-0.8-2-0.8-2.8,0L25.4,17c-0.4,0.4-0.9,0.9-1.4,1.4c-0.5-0.5-1-1-1.4-1.4l-8.4-8.4c-0.8-0.8-2-0.8-2.8,0l-2.8,2.8 c-0.8,0.8-0.8,2,0,2.8l8.4,8.4c0.4,0.4,0.9,0.9,1.4,1.4c-0.5,0.5-1,1-1.4,1.4l-8.4,8.4c-0.8,0.8-0.8,2,0,2.8l2.8,2.8 c0.8,0.8,2,0.8,2.8,0l8.4-8.4c0.4-0.4,0.9-0.9,1.4-1.4c0.5,0.5,1,1,1.4,1.4l8.4,8.4c0.8,0.8,2,0.8,2.8,0l2.8-2.8 C40.2,35.8,40.2,34.6,39.4,33.8z"
                    />
                  </svg>
                </i>
              </div>
            </div>,
          ],
          "className": "ScreenPicker-title",
        },
        "ref": null,
        "rendered": Array [
          Object {
            "instance": null,
            "key": undefined,
            "nodeType": "host",
            "props": Object {
              "children": "Choose what you'd like to share",
            },
            "ref": null,
            "rendered": "Choose what you'd like to share",
            "type": "span",
          },
          Object {
            "instance": null,
            "key": undefined,
            "nodeType": "host",
            "props": Object {
              "children": <div
                className="content-button"
              >
                <i>
                  <svg
                    fill="grey"
                    viewBox="0 0 48 48"
                  >
                    <path
                      d="M39.4,33.8L31,25.4c-0.4-0.4-0.9-0.9-1.4-1.4c0.5-0.5,1-1,1.4-1.4l8.4-8.4c0.8-0.8,0.8-2,0-2.8l-2.8-2.8 c-0.8-0.8-2-0.8-2.8,0L25.4,17c-0.4,0.4-0.9,0.9-1.4,1.4c-0.5-0.5-1-1-1.4-1.4l-8.4-8.4c-0.8-0.8-2-0.8-2.8,0l-2.8,2.8 c-0.8,0.8-0.8,2,0,2.8l8.4,8.4c0.4,0.4,0.9,0.9,1.4,1.4c-0.5,0.5-1,1-1.4,1.4l-8.4,8.4c-0.8,0.8-0.8,2,0,2.8l2.8,2.8 c0.8,0.8,2,0.8,2.8,0l8.4-8.4c0.4-0.4,0.9-0.9,1.4-1.4c0.5,0.5,1,1,1.4,1.4l8.4,8.4c0.8,0.8,2,0.8,2.8,0l2.8-2.8 C40.2,35.8,40.2,34.6,39.4,33.8z"
                    />
                  </svg>
                </i>
              </div>,
              "className": "ScreenPicker-x-button",
              "onClick": [Function],
            },
            "ref": null,
            "rendered": Object {
              "instance": null,
              "key": undefined,
              "nodeType": "host",
              "props": Object {
                "children": <i>
                  <svg
                    fill="grey"
                    viewBox="0 0 48 48"
                  >
                    <path
                      d="M39.4,33.8L31,25.4c-0.4-0.4-0.9-0.9-1.4-1.4c0.5-0.5,1-1,1.4-1.4l8.4-8.4c0.8-0.8,0.8-2,0-2.8l-2.8-2.8 c-0.8-0.8-2-0.8-2.8,0L25.4,17c-0.4,0.4-0.9,0.9-1.4,1.4c-0.5-0.5-1-1-1.4-1.4l-8.4-8.4c-0.8-0.8-2-0.8-2.8,0l-2.8,2.8 c-0.8,0.8-0.8,2,0,2.8l8.4,8.4c0.4,0.4,0.9,0.9,1.4,1.4c-0.5,0.5-1,1-1.4,1.4l-8.4,8.4c-0.8,0.8-0.8,2,0,2.8l2.8,2.8 c0.8,0.8,2,0.8,2.8,0l8.4-8.4c0.4-0.4,0.9-0.9,1.4-1.4c0.5,0.5,1,1,1.4,1.4l8.4,8.4c0.8,0.8,2,0.8,2.8,0l2.8-2.8 C40.2,35.8,40.2,34.6,39.4,33.8z"
                    />
                  </svg>
                </i>,
                "className": "content-button",
              },
              "ref": null,
              "rendered": Object {
                "instance": null,
                "key": undefined,
                "nodeType": "host",
                "props": Object {
                  "children": <svg
                    fill="grey"
                    viewBox="0 0 48 48"
                  >
                    <path
                      d="M39.4,33.8L31,25.4c-0.4-0.4-0.9-0.9-1.4-1.4c0.5-0.5,1-1,1.4-1.4l8.4-8.4c0.8-0.8,0.8-2,0-2.8l-2.8-2.8 c-0.8-0.8-2-0.8-2.8,0L25.4,17c-0.4,0.4-0.9,0.9-1.4,1.4c-0.5-0.5-1-1-1.4-1.4l-8.4-8.4c-0.8-0.8-2-0.8-2.8,0l-2.8,2.8 c-0.8,0.8-0.8,2,0,2.8l8.4,8.4c0.4,0.4,0.9,0.9,1.4,1.4c-0.5,0.5-1,1-1.4,1.4l-8.4,8.4c-0.8,0.8-0.8,2,0,2.8l2.8,2.8 c0.8,0.8,2,0.8,2.8,0l8.4-8.4c0.4-0.4,0.9-0.9,1.4-1.4c0.5,0.5,1,1,1.4,1.4l8.4,8.4c0.8,0.8,2,0.8,2.8,0l2.8-2.8 C40.2,35.8,40.2,34.6,39.4,33.8z"
                    />
                  </svg>,
                },
                "ref": null,
                "rendered": Object {
                  "instance": null,
                  "key": undefined,
                  "nodeType": "host",
                  "props": Object {
                    "children": <path
                      d="M39.4,33.8L31,25.4c-0.4-0.4-0.9-0.9-1.4-1.4c0.5-0.5,1-1,1.4-1.4l8.4-8.4c0.8-0.8,0.8-2,0-2.8l-2.8-2.8 c-0.8-0.8-2-0.8-2.8,0L25.4,17c-0.4,0.4-0.9,0.9-1.4,1.4c-0.5-0.5-1-1-1.4-1.4l-8.4-8.4c-0.8-0.8-2-0.8-2.8,0l-2.8,2.8 c-0.8,0.8-0.8,2,0,2.8l8.4,8.4c0.4,0.4,0.9,0.9,1.4,1.4c-0.5,0.5-1,1-1.4,1.4l-8.4,8.4c-0.8,0.8-0.8,2,0,2.8l2.8,2.8 c0.8,0.8,2,0.8,2.8,0l8.4-8.4c0.4-0.4,0.9-0.9,1.4-1.4c0.5,0.5,1,1,1.4,1.4l8.4,8.4c0.8,0.8,2,0.8,2.8,0l2.8-2.8 C40.2,35.8,40.2,34.6,39.4,33.8z"
                    />,
                    "fill": "grey",
                    "viewBox": "0 0 48 48",
                  },
                  "ref": null,
                  "rendered": Object {
                    "instance": null,
                    "key": undefined,
                    "nodeType": "host",
                    "props": Object {
                      "d": "M39.4,33.8L31,25.4c-0.4-0.4-0.9-0.9-1.4-1.4c0.5-0.5,1-1,1.4-1.4l8.4-8.4c0.8-0.8,0.8-2,0-2.8l-2.8-2.8 c-0.8-0.8-2-0.8-2.8,0L25.4,17c-0.4,0.4-0.9,0.9-1.4,1.4c-0.5-0.5-1-1-1.4-1.4l-8.4-8.4c-0.8-0.8-2-0.8-2.8,0l-2.8,2.8 c-0.8,0.8-0.8,2,0,2.8l8.4,8.4c0.4,0.4,0.9,0.9,1.4,1.4c-0.5,0.5-1,1-1.4,1.4l-8.4,8.4c-0.8,0.8-0.8,2,0,2.8l2.8,2.8 c0.8,0.8,2,0.8,2.8,0l8.4-8.4c0.4-0.4,0.9-0.9,1.4-1.4c0.5,0.5,1,1,1.4,1.4l8.4,8.4c0.8,0.8,2,0.8,2.8,0l2.8-2.8 C40.2,35.8,40.2,34.6,39.4,33.8z",
                    },
                    "ref": null,
                    "rendered": null,
                    "type": "path",
                  },
                  "type": "svg",
                },
                "type": "i",
              },
              "type": "div",
            },
            "type": "div",
          },
        ],
        "type": "div",
      },
      Object {
        "instance": null,
        "key": undefined,
        "nodeType": "host",
        "props": Object {
          "children": <span
            className="error-message"
          >
            No screens or applications are currently available.
          </span>,
          "className": "ScreenPicker-error-content",
        },
        "ref": null,
        "rendered": Object {
          "instance": null,
          "key": undefined,
          "nodeType": "host",
          "props": Object {
            "children": "No screens or applications are currently available.",
            "className": "error-message",
          },
          "ref": null,
          "rendered": "No screens or applications are currently available.",
          "type": "span",
        },
        "type": "div",
      },
      Object {
        "instance": null,
        "key": undefined,
        "nodeType": "host",
        "props": Object {
          "children": Array [
            <button
              className="ScreenPicker-cancel-button"
              onClick={[Function]}
            >
              Cancel
            </button>,
            <button
              className="ScreenPicker-share-button ScreenPicker-share-button-disable"
              onClick={[Function]}
            >
              Select Screen
            </button>,
          ],
        },
        "ref": null,
        "rendered": Array [
          Object {
            "instance": null,
            "key": undefined,
            "nodeType": "host",
            "props": Object {
              "children": "Cancel",
              "className": "ScreenPicker-cancel-button",
              "onClick": [Function],
            },
            "ref": null,
            "rendered": "Cancel",
            "type": "button",
          },
          Object {
            "instance": null,
            "key": undefined,
            "nodeType": "host",
            "props": Object {
              "children": "Select Screen",
              "className": "ScreenPicker-share-button ScreenPicker-share-button-disable",
              "onClick": [Function],
            },
            "ref": null,
            "rendered": "Select Screen",
            "type": "button",
          },
        ],
        "type": "footer",
      },
    ],
    "type": "div",
  },
  Symbol(enzyme.__nodes__): Array [
    Object {
      "instance": null,
      "key": undefined,
      "nodeType": "host",
      "props": Object {
        "children": Array [
          <div
            className="ScreenPicker-title"
          >
            <span>
              Choose what you'd like to share
            </span>
            <div
              className="ScreenPicker-x-button"
              onClick={[Function]}
            >
              <div
                className="content-button"
              >
                <i>
                  <svg
                    fill="grey"
                    viewBox="0 0 48 48"
                  >
                    <path
                      d="M39.4,33.8L31,25.4c-0.4-0.4-0.9-0.9-1.4-1.4c0.5-0.5,1-1,1.4-1.4l8.4-8.4c0.8-0.8,0.8-2,0-2.8l-2.8-2.8 c-0.8-0.8-2-0.8-2.8,0L25.4,17c-0.4,0.4-0.9,0.9-1.4,1.4c-0.5-0.5-1-1-1.4-1.4l-8.4-8.4c-0.8-0.8-2-0.8-2.8,0l-2.8,2.8 c-0.8,0.8-0.8,2,0,2.8l8.4,8.4c0.4,0.4,0.9,0.9,1.4,1.4c-0.5,0.5-1,1-1.4,1.4l-8.4,8.4c-0.8,0.8-0.8,2,0,2.8l2.8,2.8 c0.8,0.8,2,0.8,2.8,0l8.4-8.4c0.4-0.4,0.9-0.9,1.4-1.4c0.5,0.5,1,1,1.4,1.4l8.4,8.4c0.8,0.8,2,0.8,2.8,0l2.8-2.8 C40.2,35.8,40.2,34.6,39.4,33.8z"
                    />
                  </svg>
                </i>
              </div>
            </div>
          </div>,
          <div
            className="ScreenPicker-error-content"
          >
            <span
              className="error-message"
            >
              No screens or applications are currently available.
            </span>
          </div>,
          <footer>
            <button
              className="ScreenPicker-cancel-button"
              onClick={[Function]}
            >
              Cancel
            </button>
            <button
              className="ScreenPicker-share-button ScreenPicker-share-button-disable"
              onClick={[Function]}
            >
              Select Screen
            </button>
          </footer>,
        ],
        "className": "ScreenPicker ScreenPicker-content",
      },
      "ref": null,
      "rendered": Array [
        Object {
          "instance": null,
          "key": undefined,
          "nodeType": "host",
          "props": Object {
            "children": Array [
              <span>
                Choose what you'd like to share
              </span>,
              <div
                className="ScreenPicker-x-button"
                onClick={[Function]}
              >
                <div
                  className="content-button"
                >
                  <i>
                    <svg
                      fill="grey"
                      viewBox="0 0 48 48"
                    >
                      <path
                        d="M39.4,33.8L31,25.4c-0.4-0.4-0.9-0.9-1.4-1.4c0.5-0.5,1-1,1.4-1.4l8.4-8.4c0.8-0.8,0.8-2,0-2.8l-2.8-2.8 c-0.8-0.8-2-0.8-2.8,0L25.4,17c-0.4,0.4-0.9,0.9-1.4,1.4c-0.5-0.5-1-1-1.4-1.4l-8.4-8.4c-0.8-0.8-2-0.8-2.8,0l-2.8,2.8 c-0.8,0.8-0.8,2,0,2.8l8.4,8.4c0.4,0.4,0.9,0.9,1.4,1.4c-0.5,0.5-1,1-1.4,1.4l-8.4,8.4c-0.8,0.8-0.8,2,0,2.8l2.8,2.8 c0.8,0.8,2,0.8,2.8,0l8.4-8.4c0.4-0.4,0.9-0.9,1.4-1.4c0.5,0.5,1,1,1.4,1.4l8.4,8.4c0.8,0.8,2,0.8,2.8,0l2.8-2.8 C40.2,35.8,40.2,34.6,39.4,33.8z"
                      />
                    </svg>
                  </i>
                </div>
              </div>,
            ],
            "className": "ScreenPicker-title",
          },
          "ref": null,
          "rendered": Array [
            Object {
              "instance": null,
              "key": undefined,
              "nodeType": "host",
              "props": Object {
                "children": "Choose what you'd like to share",
              },
              "ref": null,
              "rendered": "Choose what you'd like to share",
              "type": "span",
            },
            Object {
              "instance": null,
              "key": undefined,
              "nodeType": "host",
              "props": Object {
                "children": <div
                  className="content-button"
                >
                  <i>
                    <svg
                      fill="grey"
                      viewBox="0 0 48 48"
                    >
                      <path
                        d="M39.4,33.8L31,25.4c-0.4-0.4-0.9-0.9-1.4-1.4c0.5-0.5,1-1,1.4-1.4l8.4-8.4c0.8-0.8,0.8-2,0-2.8l-2.8-2.8 c-0.8-0.8-2-0.8-2.8,0L25.4,17c-0.4,0.4-0.9,0.9-1.4,1.4c-0.5-0.5-1-1-1.4-1.4l-8.4-8.4c-0.8-0.8-2-0.8-2.8,0l-2.8,2.8 c-0.8,0.8-0.8,2,0,2.8l8.4,8.4c0.4,0.4,0.9,0.9,1.4,1.4c-0.5,0.5-1,1-1.4,1.4l-8.4,8.4c-0.8,0.8-0.8,2,0,2.8l2.8,2.8 c0.8,0.8,2,0.8,2.8,0l8.4-8.4c0.4-0.4,0.9-0.9,1.4-1.4c0.5,0.5,1,1,1.4,1.4l8.4,8.4c0.8,0.8,2,0.8,2.8,0l2.8-2.8 C40.2,35.8,40.2,34.6,39.4,33.8z"
                      />
                    </svg>
                  </i>
                </div>,
                "className": "ScreenPicker-x-button",
                "onClick": [Function],
              },
              "ref": null,
              "rendered": Object {
                "instance": null,
                "key": undefined,
                "nodeType": "host",
                "props": Object {
                  "children": <i>
                    <svg
                      fill="grey"
                      viewBox="0 0 48 48"
                    >
                      <path
                        d="M39.4,33.8L31,25.4c-0.4-0.4-0.9-0.9-1.4-1.4c0.5-0.5,1-1,1.4-1.4l8.4-8.4c0.8-0.8,0.8-2,0-2.8l-2.8-2.8 c-0.8-0.8-2-0.8-2.8,0L25.4,17c-0.4,0.4-0.9,0.9-1.4,1.4c-0.5-0.5-1-1-1.4-1.4l-8.4-8.4c-0.8-0.8-2-0.8-2.8,0l-2.8,2.8 c-0.8,0.8-0.8,2,0,2.8l8.4,8.4c0.4,0.4,0.9,0.9,1.4,1.4c-0.5,0.5-1,1-1.4,1.4l-8.4,8.4c-0.8,0.8-0.8,2,0,2.8l2.8,2.8 c0.8,0.8,2,0.8,2.8,0l8.4-8.4c0.4-0.4,0.9-0.9,1.4-1.4c0.5,0.5,1,1,1.4,1.4l8.4,8.4c0.8,0.8,2,0.8,2.8,0l2.8-2.8 C40.2,35.8,40.2,34.6,39.4,33.8z"
                      />
                    </svg>
                  </i>,
                  "className": "content-button",
                },
                "ref": null,
                "rendered": Object {
                  "instance": null,
                  "key": undefined,
                  "nodeType": "host",
                  "props": Object {
                    "children": <svg
                      fill="grey"
                      viewBox="0 0 48 48"
                    >
                      <path
                        d="M39.4,33.8L31,25.4c-0.4-0.4-0.9-0.9-1.4-1.4c0.5-0.5,1-1,1.4-1.4l8.4-8.4c0.8-0.8,0.8-2,0-2.8l-2.8-2.8 c-0.8-0.8-2-0.8-2.8,0L25.4,17c-0.4,0.4-0.9,0.9-1.4,1.4c-0.5-0.5-1-1-1.4-1.4l-8.4-8.4c-0.8-0.8-2-0.8-2.8,0l-2.8,2.8 c-0.8,0.8-0.8,2,0,2.8l8.4,8.4c0.4,0.4,0.9,0.9,1.4,1.4c-0.5,0.5-1,1-1.4,1.4l-8.4,8.4c-0.8,0.8-0.8,2,0,2.8l2.8,2.8 c0.8,0.8,2,0.8,2.8,0l8.4-8.4c0.4-0.4,0.9-0.9,1.4-1.4c0.5,0.5,1,1,1.4,1.4l8.4,8.4c0.8,0.8,2,0.8,2.8,0l2.8-2.8 C40.2,35.8,40.2,34.6,39.4,33.8z"
                      />
                    </svg>,
                  },
                  "ref": null,
                  "rendered": Object {
                    "instance": null,
                    "key": undefined,
                    "nodeType": "host",
                    "props": Object {
                      "children": <path
                        d="M39.4,33.8L31,25.4c-0.4-0.4-0.9-0.9-1.4-1.4c0.5-0.5,1-1,1.4-1.4l8.4-8.4c0.8-0.8,0.8-2,0-2.8l-2.8-2.8 c-0.8-0.8-2-0.8-2.8,0L25.4,17c-0.4,0.4-0.9,0.9-1.4,1.4c-0.5-0.5-1-1-1.4-1.4l-8.4-8.4c-0.8-0.8-2-0.8-2.8,0l-2.8,2.8 c-0.8,0.8-0.8,2,0,2.8l8.4,8.4c0.4,0.4,0.9,0.9,1.4,1.4c-0.5,0.5-1,1-1.4,1.4l-8.4,8.4c-0.8,0.8-0.8,2,0,2.8l2.8,2.8 c0.8,0.8,2,0.8,2.8,0l8.4-8.4c0.4-0.4,0.9-0.9,1.4-1.4c0.5,0.5,1,1,1.4,1.4l8.4,8.4c0.8,0.8,2,0.8,2.8,0l2.8-2.8 C40.2,35.8,40.2,34.6,39.4,33.8z"
                      />,
                      "fill": "grey",
                      "viewBox": "0 0 48 48",
                    },
                    "ref": null,
                    "rendered": Object {
                      "instance": null,
                      "key": undefined,
                      "nodeType": "host",
                      "props": Object {
                        "d": "M39.4,33.8L31,25.4c-0.4-0.4-0.9-0.9-1.4-1.4c0.5-0.5,1-1,1.4-1.4l8.4-8.4c0.8-0.8,0.8-2,0-2.8l-2.8-2.8 c-0.8-0.8-2-0.8-2.8,0L25.4,17c-0.4,0.4-0.9,0.9-1.4,1.4c-0.5-0.5-1-1-1.4-1.4l-8.4-8.4c-0.8-0.8-2-0.8-2.8,0l-2.8,2.8 c-0.8,0.8-0.8,2,0,2.8l8.4,8.4c0.4,0.4,0.9,0.9,1.4,1.4c-0.5,0.5-1,1-1.4,1.4l-8.4,8.4c-0.8,0.8-0.8,2,0,2.8l2.8,2.8 c0.8,0.8,2,0.8,2.8,0l8.4-8.4c0.4-0.4,0.9-0.9,1.4-1.4c0.5,0.5,1,1,1.4,1.4l8.4,8.4c0.8,0.8,2,0.8,2.8,0l2.8-2.8 C40.2,35.8,40.2,34.6,39.4,33.8z",
                      },
                      "ref": null,
                      "rendered": null,
                      "type": "path",
                    },
                    "type": "svg",
                  },
                  "type": "i",
                },
                "type": "div",
              },
              "type": "div",
            },
          ],
          "type": "div",
        },
        Object {
          "instance": null,
          "key": undefined,
          "nodeType": "host",
          "props": Object {
            "children": <span
              className="error-message"
            >
              No screens or applications are currently available.
            </span>,
            "className": "ScreenPicker-error-content",
          },
          "ref": null,
          "rendered": Object {
            "instance": null,
            "key": undefined,
            "nodeType": "host",
            "props": Object {
              "children": "No screens or applications are currently available.",
              "className": "error-message",
            },
            "ref": null,
            "rendered": "No screens or applications are currently available.",
            "type": "span",
          },
          "type": "div",
        },
        Object {
          "instance": null,
          "key": undefined,
          "nodeType": "host",
          "props": Object {
            "children": Array [
              <button
                className="ScreenPicker-cancel-button"
                onClick={[Function]}
              >
                Cancel
              </button>,
              <button
                className="ScreenPicker-share-button ScreenPicker-share-button-disable"
                onClick={[Function]}
              >
                Select Screen
              </button>,
            ],
          },
          "ref": null,
          "rendered": Array [
            Object {
              "instance": null,
              "key": undefined,
              "nodeType": "host",
              "props": Object {
                "children": "Cancel",
                "className": "ScreenPicker-cancel-button",
                "onClick": [Function],
              },
              "ref": null,
              "rendered": "Cancel",
              "type": "button",
            },
            Object {
              "instance": null,
              "key": undefined,
              "nodeType": "host",
              "props": Object {
                "children": "Select Screen",
                "className": "ScreenPicker-share-button ScreenPicker-share-button-disable",
                "onClick": [Function],
              },
              "ref": null,
              "rendered": "Select Screen",
              "type": "button",
            },
          ],
          "type": "footer",
        },
      ],
      "type": "div",
    },
  ],
  Symbol(enzyme.__options__): Object {
    "adapter": ReactSixteenAdapter {
      "options": Object {
        "enableComponentDidUpdateOnSetState": true,
        "legacyContextMode": "parent",
        "lifecycles": Object {
          "componentDidUpdate": Object {
            "onSetState": true,
          },
          "getChildContext": Object {
            "calledByRenderer": false,
          },
          "getDerivedStateFromProps": true,
          "getSnapshotBeforeUpdate": true,
          "setState": Object {
            "skipsComponentDidUpdateOnNullish": true,
          },
        },
      },
    },
  },
  Symbol(enzyme.__childContext__): null,
}
`;
