// Jest Snapshot v1, https://goo.gl/fbAQLP

exports[`screen sharing indicator should render correctly 1`] = `
<div
  className="ScreenSharingIndicator mac"
>
  <span
    className="text-label"
  >
    You are sharing your screen on 
    <b>
       
      Symphony
       
    </b>
  </span>
  <span
    className="buttons"
  >
    <button
      className="stop-sharing-button"
      onClick={[Function]}
    >
      Stop sharing
    </button>
  </span>
</div>
`;
