// Jest Snapshot v1, https://goo.gl/fbAQLP

exports[`Snipping Tool should render correctly 1`] = `
<div
  className="SnippingTool"
  lang="en-US"
>
  <header>
    <div
      className="DrawActions"
    >
      <button
        className="ActionButton"
        data-testid="pen-button"
        onClick={[Function]}
        style={
          Object {
            "border": "2px solid rgba(0, 142, 255, 1)",
          }
        }
        title="Pen"
      >
        <img
          src="../renderer/assets/snip-draw.svg"
        />
      </button>
      <button
        className="ActionButton"
        data-testid="highlight-button"
        onClick={[Function]}
        title="Highlight"
      >
        <img
          src="../renderer/assets/snip-highlight.svg"
        />
      </button>
      <button
        className="ActionButton"
        data-testid="erase-button"
        onClick={[Function]}
        title="Erase"
      >
        <img
          src="../renderer/assets/snip-erase.svg"
        />
      </button>
    </div>
    <div
      className="ClearActions"
    >
      <button
        className="ClearButton"
        data-testid="clear-button"
        onClick={[Function]}
      >
        Clear
      </button>
    </div>
  </header>
  <main>
    <div
      className="imageContainer"
    >
      <AnnotateArea
        chosenTool="PEN"
        data-testid="annotate-component"
      highlightColor="rgba(0, 142, 255, 0.64)"
      imageDimensions={
        Object {
          "height": 600,
          "width": 800,
        }
      }
      onChange={[Function]}
      paths={Array []}
      penColor="rgba(0, 142, 255, 1)"
      screenSnippetPath="Screen-Snippet"
    /></div>
  </main>
  <footer>
    <button
      className="DoneButton"
      data-testid="done-button"
      onClick={[Function]}
    >
      Done
    </button>
  </footer>
</div>
`;
