// Jest Snapshot v1, https://goo.gl/fbAQLP

exports[`windows title bar should render correctly 1`] = `
<div
  id="title-bar"
  onDoubleClick={[Function]}
>
  <div
    className="title-bar-button-container"
  >
    <button
      className="hamburger-menu-button"
      onClick={[Function]}
      onContextMenu={[Function]}
      onMouseDown={[Function]}
      title="Menu"
    >
      <img
        alt="hamburger menu icon"
        src="../renderer/assets/title-bar-hamburger.svg"
      />
    </button>
  </div>
  <div
    className="title-container"
  >
    <img
      alt="Symphony Messaging Logo"
      className="symphony-messaging-logo"
      src="../renderer/assets/title-bar-symphony-icon.svg"
    />
    <p
      id="title-bar-title"
    >
      Symphony Messaging
    </p>
  </div>
  <div
    className="title-bar-button-container"
  >
    <button
      className="title-bar-button"
      onClick={[Function]}
      onContextMenu={[Function]}
      onMouseDown={[Function]}
      title="Minimize"
    >
      <img
        alt="minimize icon"
        src="../renderer/assets/title-bar-minimize.svg"
      />
    </button>
  </div>
  <div
    className="title-bar-button-container"
  >
    <button
      className="title-bar-button"
      onClick={[Function]}
      onContextMenu={[Function]}
      onMouseDown={[Function]}
      title="Maximize"
    >
      <img
        alt="maximize icon"
        src="../renderer/assets/title-bar-maximize.svg"
      />
    </button>
  </div>
  <div
    className="title-bar-button-container"
  >
    <button
      className="title-bar-button close"
      onClick={[Function]}
      onContextMenu={[Function]}
      onMouseDown={[Function]}
      title="Close"
    >
      <img
        alt="minimize icon"
        src="../renderer/assets/title-bar-close.svg"
      />
    </button>
  </div>
  <div
    className="branding-logo"
  />
</div>
`;
